=== BUILD LOG (primary) - Tue Sep 29 20:19:40 +03 2026 ===
Matrix slot           : primary
Matrix label          : snapshot-latest-no-cfw
Workflow triggered by : workflow_dispatch
Repository            : haddad2inc/openwrt
Commit                : 39de426b6e4e421721d91220825a1c11203fbed4
OpenWrt branch input  : snapshot
OpenWrt git branch    : master
OpenWrt tag           : <none>
Patch version input   : <empty>
Output suffix         : 'no-cfw'
DTS choice            : qca9563_comfast_cf-wa350.dts
include_files         : false
patch_731 (input)     : true
patch_740 (input)     : false
import_cfw_leds       : false
attach_theme          : false
========================================
Build started at: Tue Sep 29 20:19:40 +03 2026
========================================
